// Jest Snapshot v1, https://goo.gl/fbAQLP

exports[`rendering Game (Snapshot Test) renders without crashing 1`] = `
<div
  className="Game"
>
  <div
    className="chess-header small"
  >
    <img
      alt="logo"
      className="chess-logo loading small"
      src="logo.svg"
    />
    <div
      className="Messages"
    >
      <p>
        <span>
          Now Playing: 
        </span>
        
      </p>
    </div>
  </div>
  <div
    className="Table"
  >
    <div
      className="Board"
    >
      <div
        className="tiles"
      />
    </div>
  </div>
</div>
`;
