// Jest Snapshot v1, https://goo.gl/fbAQLP

exports[`rendering Welcome (Snapshot Test) renders without crashing 1`] = `
<div
  className="Welcome"
>
  <div
    className="Welcome-header"
  >
    <img
      alt="logo"
      className="Welcome-logo loaded"
      src="logo.svg"
    />
    <h2>
      Welcome to Chess
    </h2>
  </div>
  <p
    className="Welcome-intro"
  >
    <button
      onClick={[Function]}
    >
      Start Game As Guest
    </button>
  </p>
</div>
`;
